**********************
Windows PowerShell transcript start
Start time: 20250519195411
Username: DELLPC\David
RunAs User: DELLPC\David
Configuration Name: 
Machine: DELLPC (Microsoft Windows NT 10.0.26100.0)
Host Application: C:\Windows\System32\WindowsPowerShell\v1.0\powershell.exe
Process ID: 19364
PSVersion: 5.1.26100.4061
PSEdition: Desktop
PSCompatibleVersions: 1.0, 2.0, 3.0, 4.0, 5.0, 5.1.26100.4061
BuildVersion: 10.0.26100.4061
CLRVersion: 4.0.30319.42000
WSManStackVersion: 3.0
PSRemotingProtocolVersion: 2.3
SerializationVersion: 1.1.0.1
**********************
Transcript started, output file is yilihamu.txt
PS C:\Users\ilham\OneDrive\Desktop\training> New-Item -Path . -Name ‘QA-Training’ -ItemType Directory


    Directory: C:\Users\ilham\OneDrive\Desktop\training


Mode                 LastWriteTime         Length Name
----                 -------------         ------ ----
d-----         5/19/2025   7:55 PM                QA-Training


PS C:\Users\ilham\OneDrive\Desktop\training> Set-Location .\QA-Training
PS C:\Users\ilham\OneDrive\Desktop\training\QA-Training> Invoke-WebRequest -Uri https://github.com/git-for-windows/git/releases/download/v2.44.0.windows.1/Git-2.44.0-64-bit.exe -OutFile git-installer.exe
PS C:\Users\ilham\OneDrive\Desktop\training\QA-Training> .\git-installer.exe /VERYSILENT /NORESTART
PS C:\Users\ilham\OneDrive\Desktop\training\QA-Training> git --version
git : The term 'git' is not recognized as the name of a cmdlet, function, script file, or operable program. Check the 
spelling of the name, or if a path was included, verify that the path is correct and try again.
At line:1 char:1
+ git --version
+ ~~~
    + CategoryInfo          : ObjectNotFound: (git:String) [], CommandNotFoundException
    + FullyQualifiedErrorId : CommandNotFoundException
git : The term 'git' is not recognized as the name of a cmdlet, function, script file, or operable program. Check the
spelling of the name, or if a path was included, verify that the path is correct and try again.
At line:1 char:1
+ git --version
+ ~~~
    + CategoryInfo          : ObjectNotFound: (git:String) [], CommandNotFoundException
    + FullyQualifiedErrorId : CommandNotFoundException

PS C:\Users\ilham\OneDrive\Desktop\training\QA-Training> .\git-installer.exe /VERYSILENT /NORESTART
PS C:\Users\ilham\OneDrive\Desktop\training\QA-Training> git --version
git : The term 'git' is not recognized as the name of a cmdlet, function, script file, or operable program. Check the 
spelling of the name, or if a path was included, verify that the path is correct and try again.
At line:1 char:1
+ git --version
+ ~~~
    + CategoryInfo          : ObjectNotFound: (git:String) [], CommandNotFoundException
    + FullyQualifiedErrorId : CommandNotFoundException
git : The term 'git' is not recognized as the name of a cmdlet, function, script file, or operable program. Check the
spelling of the name, or if a path was included, verify that the path is correct and try again.
At line:1 char:1
+ git --version
+ ~~~
    + CategoryInfo          : ObjectNotFound: (git:String) [], CommandNotFoundException
    + FullyQualifiedErrorId : CommandNotFoundException

PS C:\Users\ilham\OneDrive\Desktop\training\QA-Training> git clone https://github.com/sureshnanjan/protech-js-plw-cy.git
git : The term 'git' is not recognized as the name of a cmdlet, function, script file, or operable program. Check the 
spelling of the name, or if a path was included, verify that the path is correct and try again.
At line:1 char:1
+ git clone https://github.com/sureshnanjan/protech-js-plw-cy.git
+ ~~~
    + CategoryInfo          : ObjectNotFound: (git:String) [], CommandNotFoundException
    + FullyQualifiedErrorId : CommandNotFoundException
git : The term 'git' is not recognized as the name of a cmdlet, function, script file, or operable program. Check the
spelling of the name, or if a path was included, verify that the path is correct and try again.
At line:1 char:1
+ git clone https://github.com/sureshnanjan/protech-js-plw-cy.git
+ ~~~
    + CategoryInfo          : ObjectNotFound: (git:String) [], CommandNotFoundException
    + FullyQualifiedErrorId : CommandNotFoundException

PS C:\Users\ilham\OneDrive\Desktop\training\QA-Training> Stop-Transcript
**********************
Windows PowerShell transcript end
End time: 20250519200734
**********************
